Admiral Ackbar
Stass Allie
Padmé Amidala
Mas Amedda
Raymus Antilles
Wedge Antilles
Queen Breha Antilles Organa
Ponda Baba
Cad Bane
Darth Bane
Sio Bibble
Depa Billaba
Jar Jar Binks
Commander Bly
Bossk
C-3P0
CB-99
Lando Calrissian
Chewbacca
Chief Chirpa
Captain Jeremoch Colton
Commander Cody
Cordé
Arvel Crynyd
Salacious B.Crumb
Admiral Natasi Daala
Biggs Darklighter
Dengar
Bren Derlin
Ima-Gun Di
Desann
Grand Moff Vilim Disra
Teneniel Djo
Jan Dodonna
Count Dooku
Dormé
Grand Moff Dunhausen
Captain Dunwell
Durge
Kyp Durron
Darth Desolus
K-3PO
Ebe Endocott
Empatojayous Brand
Emtrey
EV-9D9
Doctor Cornelius Evazan
Keyan Farlander
Jagged Fel
Roan Fel
Baron Soontir Fel
Davin Felth
Jango Fett
Boba Fett
Borsk Fey'lya
Kit Fisto
Fode
Bib Fortuna
Commander Fox
Commander Fil
Adi Gallia
Naut D'al Gargan II
Anchord
Long-Snoot
Mirta Gev
Joelle Golda
Greeata
Greedo
General Grievous
Nute Gunray
Commander Gree
Rune Haako
Rako Hardeen
Hevy
San Hill
Huyang
Armitage Hux
IG-88
Chirrut Îmwe
Grand Inquisitor
Inquisitors Fifth Brother
Inquisitors Sixth Brother
Inquisitors Seventh Sister
Inquisitors Eight Brother
Jabba the Hutt
John Coppinger
Queen Jamillia
Dexter Jettster
Qui-Gon Jinn
Commander Jet
Tenel Ka
Captain Kael
Kal Skirata
Kir Kanos
Talon Karrde
Jodo Kast
Kyle Katarn
Obi-Wan Kenobi
Gavar Khai
Ki-Adi-Mundi
Klaatu
Ken
Derek Hobbie Klivian
Agen Kolar
Plo Koon
Generall Rahm Kota
Exar Kun
Warmaster Tsavong Lah
Beru Lars
Cliegg Lars
Owen Lars
Lobot
Logray
Lowbacca
Lumiya
General Crix Madine
Galen Marek
Darth Maul
Droopy McCool
MD-5
Lyn Me
Tion Medon
General Rom Mohc
Kasan Moor
Sly Moor
Mon Mothma
Admiral Conan Antonio Motti
Grand Moff Muzzer
Master Dai
Jobal Naberrie
Ruwee Naberrie
Sola Naberrie
Ryoo Naberrie
Momaw Nadon
Boss Rugor Nass
Burson Richardson
Kevin Micheal Richardson
Captain Lorth Needa
Nien Nunb
Ric Olié
Cal Omas
Omega Squad
Oola
Savage Opress
Bail Organa
Princess Leia Organa
Admiral Kendal Ozzel
Captain Panaka
Paploo
Jax Pavan
Gilad Pellaeon
Even Piell
Firmus Piett
Darth Plagueis
Poggle the Lesser
Yarael Poof
Jek Tono Porkins
Ulic Quel-Droma
Danni Quee
Ben Quadrinaros
Ooryl Qrygg
R2-D2
R4-D4
Qu Rahn
Dak Ralter
Oppo Rancisis
Max Rebo
Dash Rendar
Ree-Yees
Captain Rex
General Carlist Rieekan
Rogue Squadron
Rookie One
Rotta the Hutt
Rukh
Sabé
Saché
Sage-Boneria
Admiral Sarn
Sebulba
Aayla Secura
Moff Kohl Seerdon
Zev Senesca
Shedao Shai
Shimrra
Darth Sidious
Sifo-Dyas
Aurra Sing
Sintas Vel
Anakin Skywalker
James Earl Jones
Ben Skywalker
Cade Skywalker
Luke Skywalker
Luuke Skywalker
Mara Jade Skywalker
Shmi Skywalker
Sy Snootles
Anakin Solo
Allana Solo
Han Solo
Jacen Solo
Jaina Solo
Leia Organa Solo
Thrackan Sal-Solo
Galen Marek
Maarek Stele
Lama Su
Nomi Sunrider
Gavyn Sykes
General Cassio Tagge
Wat Tambor
Grand Moff Wilhuff Tarkin
Captain Roos Tarpals
TC-14
Booster Terrik
Mirax Terrik
Mod Terrik
Tessek
Bria Tharen
Grand Moff Thistleborn
Raynar Thul
Grand Adminral Thrawn
Shaak Ti
Tibor
Saesee Tiin
Major Grodin Tierce
Triclops
Trioculus
Darth Tyranus
Captain Gregar Typho
Ahsoka Tano
Lieutenant Thire
Luminara Unduli
Darth Vader
Christensen
Surpreme Chancellor Finis Valorum
Shado Vao
Nahdar Vebb
General Maximilian Veers
Tahiri Veila
Aylin Vel
Asajj Ventress
Vergere
Vima-Da-Boda
Quinlan Vos
Vuffi Raa
Wicket W. Warrick
Wald
Walon Vau
Watto
Taun We
Zam Wessel
Beru Whitesun
Mace Windu
Winter
Commander Wolffe
Wuher
X1
X2
Xanatos
Prince Xizor
Yaddle
Yané
Yoda
Joh Yowza
Tyber Zann
Zekk
Ziro the Hutt
Zorba the Hutt
Zuckuss
Commodore Zuggs
Darth Zannah
